// Jest Snapshot v1, https://goo.gl/fbAQLP

exports[`GameBoard renders correctly 1`] = `null`;
